naslam@LAPTOP-M417E40P:~$ sudo apt install nginx
Reading package lists... Done
Building dependency tree... Done
Reading state information... Done
The following additional packages will be installed:
  fontconfig-config fonts-dejavu-core libdeflate0 libfontconfig1 libfreetype6 libgd3 libjbig0 libjpeg-turbo8 libjpeg8
  libnginx-mod-http-geoip2 libnginx-mod-http-image-filter libnginx-mod-http-xslt-filter libnginx-mod-mail
  libnginx-mod-stream libnginx-mod-stream-geoip2 libtiff5 libwebp7 libxpm4 libxslt1.1 nginx-common nginx-core
Suggested packages:
  libgd-tools fcgiwrap nginx-doc
The following NEW packages will be installed:
  fontconfig-config fonts-dejavu-core libdeflate0 libfontconfig1 libfreetype6 libgd3 libjbig0 libjpeg-turbo8 libjpeg8
  libnginx-mod-http-geoip2 libnginx-mod-http-image-filter libnginx-mod-http-xslt-filter libnginx-mod-mail
  libnginx-mod-stream libnginx-mod-stream-geoip2 libtiff5 libwebp7 libxpm4 libxslt1.1 nginx nginx-common nginx-core
0 upgraded, 22 newly installed, 0 to remove and 3 not upgraded.
Need to get 3244 kB of archives.
After this operation, 9737 kB of additional disk space will be used.
Do you want to continue? [Y/n] y
Setting up libdeflate0:amd64 (1.10-2) ...
Setting up nginx-common (1.18.0-6ubuntu14.4) ...
Created symlink /etc/systemd/system/multi-user.target.wants/nginx.service â†’ /lib/systemd/system/nginx.service.
Could not execute systemctl:  at /usr/bin/deb-systemd-invoke line 142.
Setting up libjbig0:amd64 (2.1-3.1ubuntu0.22.04.1) ...
Setting up libfreetype6:amd64 (2.11.1+dfsg-1ubuntu0.2) ...
Setting up fonts-dejavu-core (2.37-2build1) ...
Setting up libjpeg-turbo8:amd64 (2.1.2-0ubuntu1) ...
Setting up libwebp7:amd64 (1.2.2-2ubuntu0.22.04.1) ...
Setting up libxslt1.1:amd64 (1.1.34-4ubuntu0.22.04.1) ...
Setting up libnginx-mod-http-geoip2 (1.18.0-6ubuntu14.4) ...
Setting up libjpeg8:amd64 (8c-2ubuntu10) ...
Setting up libnginx-mod-mail (1.18.0-6ubuntu14.4) ...
Setting up fontconfig-config (2.13.1-4.2ubuntu5) ...
Setting up libnginx-mod-stream (1.18.0-6ubuntu14.4) ...
Setting up libnginx-mod-http-xslt-filter (1.18.0-6ubuntu14.4) ...
Setting up libtiff5:amd64 (4.3.0-6ubuntu0.5) ...
Setting up libfontconfig1:amd64 (2.13.1-4.2ubuntu5) ...
Setting up libnginx-mod-stream-geoip2 (1.18.0-6ubuntu14.4) ...
Setting up libgd3:amd64 (2.3.0-2ubuntu2) ...
Setting up libnginx-mod-http-image-filter (1.18.0-6ubuntu14.4) ...
Setting up nginx-core (1.18.0-6ubuntu14.4) ...
Not attempting to start NGINX, port 80 is already in use.
Setting up nginx (1.18.0-6ubuntu14.4) ...
Processing triggers for ufw (0.36.1-4ubuntu0.1) ...
Processing triggers for man-db (2.10.2-1) ...
Processing triggers for libc-bin (2.35-0ubuntu3.1) ...
naslam@LAPTOP-M417E40P:~$ sudo nginx
nginx: [emerg] bind() to 0.0.0.0:80 failed (98: Unknown error)
nginx: [emerg] bind() to [::]:80 failed (98: Unknown error)
nginx: [emerg] bind() to 0.0.0.0:80 failed (98: Unknown error)
nginx: [emerg] bind() to [::]:80 failed (98: Unknown error)
nginx: [emerg] bind() to 0.0.0.0:80 failed (98: Unknown error)
nginx: [emerg] bind() to [::]:80 failed (98: Unknown error)
nginx: [emerg] bind() to 0.0.0.0:80 failed (98: Unknown error)
nginx: [emerg] bind() to [::]:80 failed (98: Unknown error)
nginx: [emerg] bind() to 0.0.0.0:80 failed (98: Unknown error)
nginx: [emerg] bind() to [::]:80 failed (98: Unknown error)
nginx: [emerg] still could not bind()
naslam@LAPTOP-M417E40P:~$ sudo nginx -v
nginx version: nginx/1.18.0 (Ubuntu)
naslam@LAPTOP-M417E40P:~$ sudo apt install nginx
Reading package lists... Done
Building dependency tree... Done
Reading state information... Done
nginx is already the newest version (1.18.0-6ubuntu14.4).
0 upgraded, 0 newly installed, 0 to remove and 3 not upgraded.
naslam@LAPTOP-M417E40P:~$ sudo nginx -v
nginx version: nginx/1.18.0 (Ubuntu)
naslam@LAPTOP-M417E40P:~$

